// Jest Snapshot v1, https://goo.gl/fbAQLP

exports[`should not render anything when no data is given 1`] = `""`;

exports[`should render the simple text 1`] = `
"User-agent: *
Allow: /

Sitemap: http://www.example.com/sitemap.xml"
`;
