// Jest Snapshot v1, https://goo.gl/fbAQLP

exports[`returns query by alias 1`] = `"content/v4/collections?content_alias=sports page&from=5&size=10&published=true"`;

exports[`returns query search by _id 1`] = `"content/v4/collections?_id=NBXKZJC3ONEGRB2VPINBMQTNFA&published=true"`;
