// Jest Snapshot v1, https://goo.gl/fbAQLP

exports[`returns FB-IA template with custom values 1`] = `
Object {
  "rss": Object {
    "@version": "2.0",
    "@xmlns:atom": "http://www.w3.org/2005/Atom",
    "@xmlns:content": "http://purl.org/rss/1.0/modules/content/",
    "@xmlns:dc": "http://purl.org/dc/elements/1.1/",
    "@xmlns:media": "http://search.yahoo.com/mrss/",
    "@xmlns:sy": "http://purl.org/rss/1.0/modules/syndication/",
    "channel": Object {
      "atom:link": Object {
        "@href": "http://demo-prod.origin.arcpublishing.com/arc/outboundfeeds/fb-ia/",
        "@rel": "self",
        "@type": "application/rss+xml",
      },
      "category": "News",
      "copyright": "Copyright 2021",
      "description": Object {
        "$": "Only the best for FB",
      },
      "image": Object {
        "link": "http://demo-prod.origin.arcpublishing.com",
        "title": "Facebook Instant Articles Feed",
        "url": "hi/abcdefghijklmnopqrstuvwxyz=/example.com/logo.png",
      },
      "item": Array [
        Object {
          "#": Array [
            Object {
              "media:content": Object {
                "@type": "image/png",
                "@url": "hi/abcdefghijklmnopqrstuvwxyz=/arc-anglerfish-arc2-prod-demo.s3.amazonaws.com/public/JTWX7EUOLJE4FCHYGN2COQAERY.png",
                "media:credit": Object {
                  "#": "Harold Hands",
                  "@role": "author",
                  "@scheme": "urn:ebu",
                },
                "media:description": Object {
                  "$": "Hand washing can be fun if you make it a song",
                  "@type": "plain",
                },
                "media:title": Object {
                  "$": "Hand Washing",
                },
              },
            },
          ],
          "content:encoded": Object {
            "$": "<!doctype html><html lang=\\"en\\"><head><link rel=\\"canonical\\" href=\\"http://demo-prod.origin.arcpublishing.com/food/2020/04/07/tips-for-safe-hand-washing\\"/><title>Tips for Safe Hand washing</title><meta property=\\"og:title\\" content=\\"Tips for Safe Hand washing\\"/><meta property=\\"og:url\\" content=\\"http://demo-prod.origin.arcpublishing.com/food/2020/04/07/tips-for-safe-hand-washing\\"/><meta property=\\"og:description\\" content=\\"This is from the subheadlines\\"/><meta property=\\"fb:use_automatic_ad_placement\\" content=\\"enable=true ad_density=low\\"/><meta property=\\"op:markup_version\\" content=\\"v1.0\\"/><meta property=\\"fb:article_style\\" content=\\"times-bold\\"/><meta property=\\"og:image\\" content=\\"hi/abcdefghijklmnopqrstuvwxyz=/arc-anglerfish-arc2-prod-demo.s3.amazonaws.com/public/JTWX7EUOLJE4FCHYGN2COQAERY.png\\"/><meta property=\\"fb:likes_and_comments\\" content=\\"enable\\"/><meta property=\\"something\\" content=\\"other thing\\"/></head><body><article><header><section class=\\"op-ad-template\\"><script>myscript()</script></section><h1>Tips for Safe Hand washing</h1><h2>This is from the subheadlines</h2><time datetime=\\"2020-04-08T10:34:41.432Z\\" class=\\"op-modified\\">2020-04-08T10:34:41.432Z</time><time datetime=\\"2020-04-08T10:34:41.432Z\\" class=\\"op-published\\">2020-04-08T10:34:41.432Z</time><address><a>JOHN-SMITH</a><a>JANE-DOE</a></address><figure class=\\"fb-feed-cover\\"><img src=\\"hi/abcdefghijklmnopqrstuvwxyz=/arc-anglerfish-arc2-prod-demo.s3.amazonaws.com/public/JTWX7EUOLJE4FCHYGN2COQAERY.png\\"/><figcaption class=\\"op-vertical-below op-small\\">Hand washing can be fun if you make it a song<cite class=\\"op-small\\">Harold Hands</cite></figcaption></figure><h2 class=\\"op-kicker\\">coronvirus</h2></header><p id=\\"AAAAA\\">try singing the happy birthday song<br></p><p id=\\"BBBBB\\">be sure to <i>wash</i> your thumbs</p><figure class=\\"op-interactive\\"><iframe width=\\"560\\"><div style=\\"background:#ffffff; color: #333; margin:100px 0 1rem 0; line-height:28px; font-family: 'Merriweather', serif;\\"><img style=\\"height:120px; width: 120px; float: left; margin-right: 20px;\\" src=\\"https://www.example.com.mx/graficos/img/novedad-180321.jpg\\" class=\\"img-responsive\\" alt=\\"logo\\" /><img style=\\"height:120px; width: 120px; float: right; \\" src=\\"https://example.com.mx/graficos/interior-nota/abcd_novedad.png\\" class=\\"img-responsive\\" alt=\\"logo\\" /><span style=\\"font-size: 1.1rem; font-weight: 700;\\"> Concertos for Oboe, Clarinet and Orchestra </span><hr style=\\"border: 0;  height: 1px;   background-image: -webkit-linear-gradient(left, #666666, #ffffff);  background-image: -moz-linear-gradient(left, #666666, #ffffff);  background-image: -ms-linear-gradient(left, #666666, #ffffff);  background-image: -o-linear-gradient(left,  #666666, #ffffff); padding: 0; margin: 0;\\"/><span style=\\"font-size: .9rem\\">ARTISTA: Camerata de las Américas, dirigida por Ludwig Carrasco </span><br><span style=\\"font-size: .9rem\\">SELLO:   Urtext </span><br><span style=\\"font-size: .9rem\\">PRECIO:   $168n </span></div></iframe></figure><figure class=\\"op-interactive\\"><iframe width=\\"560\\"><blockquote class=\\"twitter-tweet\\"><p lang=\\"fr\\" dir=\\"ltr\\">21. Je déploie le robot pour reconnaitre OSCAR3.<br>Retour en images sur l’exercice de recherche appliquée organisé les 30 et 31 mars par l’EMIA et le centre de recherche. Robotisation du champ de bataille : sensibiliser les élèves aux enjeux de demain. <a href=\\"https://twitter.com/hashtag/CapaciTERRE?src=hash&amp;ref_src=twsrc%5Etfw\\">#CapaciTERRE</a> <a href=\\"https://twitter.com/hashtag/Robots?src=hash&amp;ref_src=twsrc%5Etfw\\">#Robots</a> <a href=\\"https://t.co/HiZ2BFOZPY\\">pic.twitter.com/HiZ2BFOZPY</a></p>&mdash; Saint-Cyr Coëtquidan (@SaintCyrCoet) <a href=\\"https://twitter.com/SaintCyrCoet/status/1379457690020294665?ref_src=twsrc%5Etfw\\">April 6, 2021</a></blockquote>
<script async src=\\"https://platform.twitter.com/widgets.js\\" charset=\\"utf-8\\"></script>
</iframe></figure><figure><table><thead><tr><th>Description</th><th>Amount</th></tr></thead><tbody><tr><td>apples</td><td>$0.25</td></tr><tr><td>pears</td><td>$0.50</td></tr><tr><td>oranges</td><td>$0.70</td></tr></tbody></table></figure><figure class=\\"op-tracker\\"><iframe><script>alert(\\"hi\\");</script></iframe></figure><footer><aside>John is a journalist</aside><small>Copyright 2021</small></footer></article></body></html>",
          },
          "dc:creator": Object {
            "$": "john-smith, jane-doe",
          },
          "description": Object {
            "$": "This is from the subheadlines",
          },
          "guid": Object {
            "#": "http://demo-prod.origin.arcpublishing.com/food/2020/04/07/tips-for-safe-hand-washing",
            "@isPermaLink": true,
          },
          "link": "http://demo-prod.origin.arcpublishing.com/food/2020/04/07/tips-for-safe-hand-washing",
          "pubDate": "Wed, 08 Apr 2020 10:34:41 +0000",
          "title": Object {
            "$": "Tips for Safe Hand washing",
          },
        },
        Object {
          "content:encoded": Object {
            "$": "<!doctype html><html lang=\\"en\\"><head><link rel=\\"canonical\\" href=\\"http://demo-prod.origin.arcpublishing.com/food/empty-recipe\\"/><title>I'm out of ideas</title><meta property=\\"og:title\\" content=\\"I'm out of ideas\\"/><meta property=\\"og:url\\" content=\\"http://demo-prod.origin.arcpublishing.com/food/empty-recipe\\"/><meta property=\\"og:description\\" content=\\"\\"/><meta property=\\"fb:use_automatic_ad_placement\\" content=\\"enable=true ad_density=low\\"/><meta property=\\"op:markup_version\\" content=\\"v1.0\\"/><meta property=\\"fb:article_style\\" content=\\"times-bold\\"/><meta property=\\"og:image\\" content=\\"\\"/><meta property=\\"fb:likes_and_comments\\" content=\\"enable\\"/><meta property=\\"something\\" content=\\"other thing\\"/></head><body><article><header><section class=\\"op-ad-template\\"><script>myscript()</script></section><h1>I'm out of ideas</h1><time datetime=\\"2021-04-08T10:34:41.432Z\\" class=\\"op-modified\\">2021-04-08T10:34:41.432Z</time><time datetime=\\"2021-04-08T10:34:41.432Z\\" class=\\"op-published\\">2021-04-08T10:34:41.432Z</time></header><figure class=\\"op-tracker\\"><iframe><script>alert(\\"hi\\");</script></iframe></figure><footer><small>Copyright 2021</small></footer></article></body></html>",
          },
          "description": Object {
            "$": "",
          },
          "guid": Object {
            "#": "http://demo-prod.origin.arcpublishing.com/food/empty-recipe",
            "@isPermaLink": true,
          },
          "link": "http://demo-prod.origin.arcpublishing.com/food/empty-recipe",
          "pubDate": "Thu, 08 Apr 2021 10:34:41 +0000",
          "title": Object {
            "$": "I'm out of ideas",
          },
        },
      ],
      "language": "es",
      "lastBuildDate": StringMatching /\\\\w\\+, \\\\d\\+ \\\\w\\+ \\\\d\\{4\\} \\\\d\\{2\\}:\\\\d\\{2\\}:\\\\d\\{2\\} \\\\\\+0000/,
      "link": "http://demo-prod.origin.arcpublishing.com",
      "sy:updateFrequency": "4",
      "sy:updatePeriod": "weekly",
      "title": Object {
        "$": "Facebook Instant Articles Feed",
      },
      "ttl": "5",
    },
  },
}
`;

exports[`returns FB-IA template with default values 1`] = `
Object {
  "rss": Object {
    "@version": "2.0",
    "@xmlns:atom": "http://www.w3.org/2005/Atom",
    "@xmlns:content": "http://purl.org/rss/1.0/modules/content/",
    "@xmlns:dc": "http://purl.org/dc/elements/1.1/",
    "@xmlns:media": "http://search.yahoo.com/mrss/",
    "@xmlns:sy": "http://purl.org/rss/1.0/modules/syndication/",
    "channel": Object {
      "atom:link": Object {
        "@href": "http://demo-prod.origin.arcpublishing.com/arc/outboundfeeds/fb-ia/",
        "@rel": "self",
        "@type": "application/rss+xml",
      },
      "description": Object {
        "$": "google news News Feed",
      },
      "item": Array [
        Object {
          "#": Array [
            Object {
              "media:content": Object {
                "@type": "image/png",
                "@url": "hi/abcdefghijklmnopqrstuvwxyz=/arc-anglerfish-arc2-prod-demo.s3.amazonaws.com/public/JTWX7EUOLJE4FCHYGN2COQAERY.png",
                "media:credit": Object {
                  "#": "Harold Hands",
                  "@role": "author",
                  "@scheme": "urn:ebu",
                },
                "media:description": Object {
                  "$": "Hand washing can be fun if you make it a song",
                  "@type": "plain",
                },
                "media:title": Object {
                  "$": "Hand Washing",
                },
              },
            },
          ],
          "content:encoded": Object {
            "$": "<!doctype html><html lang=\\"en\\"><head><link rel=\\"canonical\\" href=\\"http://demo-prod.origin.arcpublishing.com/food/2020/04/07/tips-for-safe-hand-washing\\"/><title>Tips for Safe Hand washing</title><meta property=\\"og:title\\" content=\\"Tips for Safe Hand washing\\"/><meta property=\\"og:url\\" content=\\"http://demo-prod.origin.arcpublishing.com/food/2020/04/07/tips-for-safe-hand-washing\\"/><meta property=\\"og:description\\" content=\\"Tips to keep you wash for 20 seconds\\"/><meta property=\\"fb:use_automatic_ad_placement\\" content=\\"enable=false\\"/><meta property=\\"op:markup_version\\" content=\\"v1.0\\"/><meta property=\\"fb:article_style\\" content=\\"default\\"/><meta property=\\"og:image\\" content=\\"hi/abcdefghijklmnopqrstuvwxyz=/arc-anglerfish-arc2-prod-demo.s3.amazonaws.com/public/JTWX7EUOLJE4FCHYGN2COQAERY.png\\"/><meta property=\\"fb:likes_and_comments\\" content=\\"disable\\"/></head><body><article><header><h1>Tips for Safe Hand washing</h1><h2>Tips to keep you wash for 20 seconds</h2><time datetime=\\"2020-04-08T10:34:41.432Z\\" class=\\"op-modified\\">2020-04-08T10:34:41.432Z</time><time datetime=\\"2020-04-07T15:02:08.918Z\\" class=\\"op-published\\">2020-04-07T15:02:08.918Z</time><address><a>JOHN SMITH</a><a>JANE DOE</a></address><figure class=\\"fb-feed-cover\\"><img src=\\"hi/abcdefghijklmnopqrstuvwxyz=/arc-anglerfish-arc2-prod-demo.s3.amazonaws.com/public/JTWX7EUOLJE4FCHYGN2COQAERY.png\\"/><figcaption class=\\"op-vertical-below op-small\\">Hand washing can be fun if you make it a song<cite class=\\"op-small\\">Harold Hands</cite></figcaption></figure><h2 class=\\"op-kicker\\">coronvirus</h2></header><p id=\\"AAAAA\\">try singing the happy birthday song<br></p><p id=\\"BBBBB\\">be sure to <i>wash</i> your thumbs</p><figure class=\\"op-interactive\\"><iframe><blockquote class=\\"twitter-tweet\\"><p lang=\\"fr\\" dir=\\"ltr\\">21. Je déploie le robot pour reconnaitre OSCAR3.<br>Retour en images sur l’exercice de recherche appliquée organisé les 30 et 31 mars par l’EMIA et le centre de recherche. Robotisation du champ de bataille : sensibiliser les élèves aux enjeux de demain. <a href=\\"https://twitter.com/hashtag/CapaciTERRE?src=hash&amp;ref_src=twsrc%5Etfw\\">#CapaciTERRE</a> <a href=\\"https://twitter.com/hashtag/Robots?src=hash&amp;ref_src=twsrc%5Etfw\\">#Robots</a> <a href=\\"https://t.co/HiZ2BFOZPY\\">pic.twitter.com/HiZ2BFOZPY</a></p>&mdash; Saint-Cyr Coëtquidan (@SaintCyrCoet) <a href=\\"https://twitter.com/SaintCyrCoet/status/1379457690020294665?ref_src=twsrc%5Etfw\\">April 6, 2021</a></blockquote>
<script async src=\\"https://platform.twitter.com/widgets.js\\" charset=\\"utf-8\\"></script>
</iframe></figure><figure><table><thead><tr><th>Description</th><th>Amount</th></tr></thead><tbody><tr><td>apples</td><td>$0.25</td></tr><tr><td>pears</td><td>$0.50</td></tr><tr><td>oranges</td><td>$0.70</td></tr></tbody></table></figure><footer><aside>John is a journalist</aside><small>© 2022 google news</small></footer></article></body></html>",
          },
          "dc:creator": Object {
            "$": "John Smith, Jane Doe",
          },
          "description": Object {
            "$": "Tips to keep you wash for 20 seconds",
          },
          "guid": Object {
            "#": "http://demo-prod.origin.arcpublishing.com/food/2020/04/07/tips-for-safe-hand-washing",
            "@isPermaLink": true,
          },
          "link": "http://demo-prod.origin.arcpublishing.com/food/2020/04/07/tips-for-safe-hand-washing",
          "pubDate": "Tue, 07 Apr 2020 15:02:08 +0000",
          "title": Object {
            "$": "Tips for Safe Hand washing",
          },
        },
        Object {
          "content:encoded": Object {
            "$": "<!doctype html><html lang=\\"en\\"><head><link rel=\\"canonical\\" href=\\"http://demo-prod.origin.arcpublishing.com/food/empty-recipe\\"/><title>I'm out of ideas</title><meta property=\\"og:title\\" content=\\"I'm out of ideas\\"/><meta property=\\"og:url\\" content=\\"http://demo-prod.origin.arcpublishing.com/food/empty-recipe\\"/><meta property=\\"og:description\\" content=\\"\\"/><meta property=\\"fb:use_automatic_ad_placement\\" content=\\"enable=false\\"/><meta property=\\"op:markup_version\\" content=\\"v1.0\\"/><meta property=\\"fb:article_style\\" content=\\"default\\"/><meta property=\\"og:image\\" content=\\"\\"/><meta property=\\"fb:likes_and_comments\\" content=\\"disable\\"/></head><body><article><header><h1>I'm out of ideas</h1><time datetime=\\"2021-04-08T10:34:41.432Z\\" class=\\"op-modified\\">2021-04-08T10:34:41.432Z</time><time datetime=\\"2021-04-07T15:02:08.918Z\\" class=\\"op-published\\">2021-04-07T15:02:08.918Z</time></header><footer><small>© 2022 google news</small></footer></article></body></html>",
          },
          "description": Object {
            "$": "",
          },
          "guid": Object {
            "#": "http://demo-prod.origin.arcpublishing.com/food/empty-recipe",
            "@isPermaLink": true,
          },
          "link": "http://demo-prod.origin.arcpublishing.com/food/empty-recipe",
          "pubDate": "Wed, 07 Apr 2021 15:02:08 +0000",
          "title": Object {
            "$": "I'm out of ideas",
          },
        },
      ],
      "language": "en",
      "lastBuildDate": StringMatching /\\\\w\\+, \\\\d\\+ \\\\w\\+ \\\\d\\{4\\} \\\\d\\{2\\}:\\\\d\\{2\\}:\\\\d\\{2\\} \\\\\\+0000/,
      "link": "http://demo-prod.origin.arcpublishing.com",
      "sy:updateFrequency": "1",
      "sy:updatePeriod": "hourly",
      "title": Object {
        "$": "google news",
      },
      "ttl": "1",
    },
  },
}
`;

exports[`returns FB-IA template with empty values 1`] = `
Object {
  "rss": Object {
    "@version": "2.0",
    "@xmlns:atom": "http://www.w3.org/2005/Atom",
    "@xmlns:content": "http://purl.org/rss/1.0/modules/content/",
    "@xmlns:media": "http://search.yahoo.com/mrss/",
    "channel": Object {
      "atom:link": Object {
        "@href": "http://demo-prod.origin.arcpublishing.com/arc/outboundfeeds/fb-ia/",
        "@rel": "self",
        "@type": "application/rss+xml",
      },
      "description": Object {
        "$": "google news News Feed",
      },
      "item": Array [
        Object {
          "content:encoded": Object {
            "$": "<!doctype html><html lang=\\"en\\"><head><link rel=\\"canonical\\" href=\\"http://demo-prod.origin.arcpublishing.com/food/2020/04/07/tips-for-safe-hand-washing\\"/><title/><meta property=\\"og:title\\" content=\\"\\"/><meta property=\\"og:url\\" content=\\"http://demo-prod.origin.arcpublishing.com/food/2020/04/07/tips-for-safe-hand-washing\\"/><meta property=\\"og:description\\" content=\\"\\"/><meta property=\\"fb:use_automatic_ad_placement\\" content=\\"enable=false\\"/><meta property=\\"op:markup_version\\" content=\\"v1.0\\"/><meta property=\\"fb:article_style\\" content=\\"default\\"/><meta property=\\"og:image\\" content=\\"hi/abcdefghijklmnopqrstuvwxyz=/arc-anglerfish-arc2-prod-demo.s3.amazonaws.com/public/JTWX7EUOLJE4FCHYGN2COQAERY.png\\"/><meta property=\\"fb:likes_and_comments\\" content=\\"disable\\"/></head><body><article><header><h1/><time datetime=\\"2020-04-08T10:34:41.432Z\\" class=\\"op-modified\\">2020-04-08T10:34:41.432Z</time><time datetime=\\"2020-04-08T10:34:41.432Z\\" class=\\"op-published\\">2020-04-08T10:34:41.432Z</time><figure class=\\"fb-feed-cover\\"><img src=\\"hi/abcdefghijklmnopqrstuvwxyz=/arc-anglerfish-arc2-prod-demo.s3.amazonaws.com/public/JTWX7EUOLJE4FCHYGN2COQAERY.png\\"/></figure><h2 class=\\"op-kicker\\">coronvirus</h2></header><footer><aside>John is a journalist</aside><small>© 2022 google news</small></footer></article></body></html>",
          },
          "guid": Object {
            "#": "http://demo-prod.origin.arcpublishing.com/food/2020/04/07/tips-for-safe-hand-washing",
            "@isPermaLink": true,
          },
          "link": "http://demo-prod.origin.arcpublishing.com/food/2020/04/07/tips-for-safe-hand-washing",
          "pubDate": "Wed, 08 Apr 2020 10:34:41 +0000",
        },
        Object {
          "content:encoded": Object {
            "$": "<!doctype html><html lang=\\"en\\"><head><link rel=\\"canonical\\" href=\\"http://demo-prod.origin.arcpublishing.com/food/empty-recipe\\"/><title/><meta property=\\"og:title\\" content=\\"\\"/><meta property=\\"og:url\\" content=\\"http://demo-prod.origin.arcpublishing.com/food/empty-recipe\\"/><meta property=\\"og:description\\" content=\\"\\"/><meta property=\\"fb:use_automatic_ad_placement\\" content=\\"enable=false\\"/><meta property=\\"op:markup_version\\" content=\\"v1.0\\"/><meta property=\\"fb:article_style\\" content=\\"default\\"/><meta property=\\"og:image\\" content=\\"\\"/><meta property=\\"fb:likes_and_comments\\" content=\\"disable\\"/></head><body><article><header><h1/><time datetime=\\"2021-04-08T10:34:41.432Z\\" class=\\"op-modified\\">2021-04-08T10:34:41.432Z</time><time datetime=\\"2021-04-08T10:34:41.432Z\\" class=\\"op-published\\">2021-04-08T10:34:41.432Z</time></header><footer><small>© 2022 google news</small></footer></article></body></html>",
          },
          "guid": Object {
            "#": "http://demo-prod.origin.arcpublishing.com/food/empty-recipe",
            "@isPermaLink": true,
          },
          "link": "http://demo-prod.origin.arcpublishing.com/food/empty-recipe",
          "pubDate": "Thu, 08 Apr 2021 10:34:41 +0000",
        },
      ],
      "lastBuildDate": StringMatching /\\\\w\\+, \\\\d\\+ \\\\w\\+ \\\\d\\{4\\} \\\\d\\{2\\}:\\\\d\\{2\\}:\\\\d\\{2\\} \\\\\\+0000/,
      "link": "http://demo-prod.origin.arcpublishing.com",
      "title": Object {
        "$": "google news",
      },
    },
  },
}
`;

exports[`returns FB-IA template with include value 1`] = `
Object {
  "rss": Object {
    "@version": "2.0",
    "@xmlns:atom": "http://www.w3.org/2005/Atom",
    "@xmlns:content": "http://purl.org/rss/1.0/modules/content/",
    "@xmlns:dc": "http://purl.org/dc/elements/1.1/",
    "@xmlns:media": "http://search.yahoo.com/mrss/",
    "@xmlns:sy": "http://purl.org/rss/1.0/modules/syndication/",
    "channel": Object {
      "atom:link": Object {
        "@href": "http://demo-prod.origin.arcpublishing.com/arc/outboundfeeds/fb-ia/",
        "@rel": "self",
        "@type": "application/rss+xml",
      },
      "category": "News",
      "copyright": "Copyright 2021",
      "description": Object {
        "$": "Only the best for FB",
      },
      "image": Object {
        "link": "http://demo-prod.origin.arcpublishing.com",
        "title": "Facebook Instant Articles Feed",
        "url": "hi/abcdefghijklmnopqrstuvwxyz=/example.com/logo.png",
      },
      "item": Array [
        Object {
          "#": Array [
            Object {
              "media:content": Object {
                "@type": "image/png",
                "@url": "hi/abcdefghijklmnopqrstuvwxyz=/arc-anglerfish-arc2-prod-demo.s3.amazonaws.com/public/JTWX7EUOLJE4FCHYGN2COQAERY.png",
                "media:credit": Object {
                  "#": "Harold Hands",
                  "@role": "author",
                  "@scheme": "urn:ebu",
                },
                "media:description": Object {
                  "$": "Hand washing can be fun if you make it a song",
                  "@type": "plain",
                },
                "media:title": Object {
                  "$": "Hand Washing",
                },
              },
            },
          ],
          "content:encoded": Object {
            "$": "<!doctype html><html lang=\\"en\\"><head><link rel=\\"canonical\\" href=\\"http://demo-prod.origin.arcpublishing.com/food/2020/04/07/tips-for-safe-hand-washing\\"/><title>Tips for Safe Hand washing</title><meta property=\\"og:title\\" content=\\"Tips for Safe Hand washing\\"/><meta property=\\"og:url\\" content=\\"http://demo-prod.origin.arcpublishing.com/food/2020/04/07/tips-for-safe-hand-washing\\"/><meta property=\\"og:description\\" content=\\"This is from the subheadlines\\"/><meta property=\\"fb:use_automatic_ad_placement\\" content=\\"enable=true ad_density=low\\"/><meta property=\\"op:markup_version\\" content=\\"v1.0\\"/><meta property=\\"fb:article_style\\" content=\\"times-bold\\"/><meta property=\\"og:image\\" content=\\"hi/abcdefghijklmnopqrstuvwxyz=/arc-anglerfish-arc2-prod-demo.s3.amazonaws.com/public/JTWX7EUOLJE4FCHYGN2COQAERY.png\\"/><meta property=\\"fb:likes_and_comments\\" content=\\"enable\\"/><meta property=\\"something\\" content=\\"other thing\\"/></head><body><article><header><section class=\\"op-ad-template\\"><script>myscript()</script></section><h1>Tips for Safe Hand washing</h1><h2>This is from the subheadlines</h2><time datetime=\\"2020-04-08T10:34:41.432Z\\" class=\\"op-modified\\">2020-04-08T10:34:41.432Z</time><time datetime=\\"2020-04-08T10:34:41.432Z\\" class=\\"op-published\\">2020-04-08T10:34:41.432Z</time><address><a>JOHN-SMITH</a><a>JANE-DOE</a></address><figure class=\\"fb-feed-cover\\"><img src=\\"hi/abcdefghijklmnopqrstuvwxyz=/arc-anglerfish-arc2-prod-demo.s3.amazonaws.com/public/JTWX7EUOLJE4FCHYGN2COQAERY.png\\"/><figcaption class=\\"op-vertical-below op-small\\">Hand washing can be fun if you make it a song<cite class=\\"op-small\\">Harold Hands</cite></figcaption></figure><h2 class=\\"op-kicker\\">coronvirus</h2></header><p id=\\"AAAAA\\">try singing the happy birthday song<br></p><p id=\\"BBBBB\\">be sure to <i>wash</i> your thumbs</p><div style=\\"background:#ffffff; color: #333; margin:100px 0 1rem 0; line-height:28px; font-family: 'Merriweather', serif;\\"><img style=\\"height:120px; width: 120px; float: left; margin-right: 20px;\\" src=\\"https://www.example.com.mx/graficos/img/novedad-180321.jpg\\" class=\\"img-responsive\\" alt=\\"logo\\" /><img style=\\"height:120px; width: 120px; float: right; \\" src=\\"https://example.com.mx/graficos/interior-nota/abcd_novedad.png\\" class=\\"img-responsive\\" alt=\\"logo\\" /><span style=\\"font-size: 1.1rem; font-weight: 700;\\"> Concertos for Oboe, Clarinet and Orchestra </span><hr style=\\"border: 0;  height: 1px;   background-image: -webkit-linear-gradient(left, #666666, #ffffff);  background-image: -moz-linear-gradient(left, #666666, #ffffff);  background-image: -ms-linear-gradient(left, #666666, #ffffff);  background-image: -o-linear-gradient(left,  #666666, #ffffff); padding: 0; margin: 0;\\"/><span style=\\"font-size: .9rem\\">ARTISTA: Camerata de las Américas, dirigida por Ludwig Carrasco </span><br><span style=\\"font-size: .9rem\\">SELLO:   Urtext </span><br><span style=\\"font-size: .9rem\\">PRECIO:   $168n </span></div><figure class=\\"op-interactive\\"><iframe width=\\"560\\"><blockquote class=\\"twitter-tweet\\"><p lang=\\"fr\\" dir=\\"ltr\\">21. Je déploie le robot pour reconnaitre OSCAR3.<br>Retour en images sur l’exercice de recherche appliquée organisé les 30 et 31 mars par l’EMIA et le centre de recherche. Robotisation du champ de bataille : sensibiliser les élèves aux enjeux de demain. <a href=\\"https://twitter.com/hashtag/CapaciTERRE?src=hash&amp;ref_src=twsrc%5Etfw\\">#CapaciTERRE</a> <a href=\\"https://twitter.com/hashtag/Robots?src=hash&amp;ref_src=twsrc%5Etfw\\">#Robots</a> <a href=\\"https://t.co/HiZ2BFOZPY\\">pic.twitter.com/HiZ2BFOZPY</a></p>&mdash; Saint-Cyr Coëtquidan (@SaintCyrCoet) <a href=\\"https://twitter.com/SaintCyrCoet/status/1379457690020294665?ref_src=twsrc%5Etfw\\">April 6, 2021</a></blockquote>
<script async src=\\"https://platform.twitter.com/widgets.js\\" charset=\\"utf-8\\"></script>
</iframe></figure><figure><table><thead><tr><th>Description</th><th>Amount</th></tr></thead><tbody><tr><td>apples</td><td>$0.25</td></tr><tr><td>pears</td><td>$0.50</td></tr><tr><td>oranges</td><td>$0.70</td></tr></tbody></table></figure><figure class=\\"op-tracker\\"><iframe><script>alert(\\"\\",\\"Tips for Safe Hand washing\\",\\"\\");</script></iframe></figure><footer><aside>John is a journalist</aside><small>Copyright 2021</small></footer></article></body></html>",
          },
          "dc:creator": Object {
            "$": "john-smith, jane-doe",
          },
          "description": Object {
            "$": "This is from the subheadlines",
          },
          "guid": Object {
            "#": "http://demo-prod.origin.arcpublishing.com/food/2020/04/07/tips-for-safe-hand-washing",
            "@isPermaLink": true,
          },
          "link": "http://demo-prod.origin.arcpublishing.com/food/2020/04/07/tips-for-safe-hand-washing",
          "pubDate": "Wed, 08 Apr 2020 10:34:41 +0000",
          "title": Object {
            "$": "Tips for Safe Hand washing",
          },
        },
        Object {
          "content:encoded": Object {
            "$": "<!doctype html><html lang=\\"en\\"><head><link rel=\\"canonical\\" href=\\"http://demo-prod.origin.arcpublishing.com/food/empty-recipe\\"/><title>I'm out of ideas</title><meta property=\\"og:title\\" content=\\"I'm out of ideas\\"/><meta property=\\"og:url\\" content=\\"http://demo-prod.origin.arcpublishing.com/food/empty-recipe\\"/><meta property=\\"og:description\\" content=\\"\\"/><meta property=\\"fb:use_automatic_ad_placement\\" content=\\"enable=true ad_density=low\\"/><meta property=\\"op:markup_version\\" content=\\"v1.0\\"/><meta property=\\"fb:article_style\\" content=\\"times-bold\\"/><meta property=\\"og:image\\" content=\\"\\"/><meta property=\\"fb:likes_and_comments\\" content=\\"enable\\"/><meta property=\\"something\\" content=\\"other thing\\"/></head><body><article><header><section class=\\"op-ad-template\\"><script>myscript()</script></section><h1>I'm out of ideas</h1><time datetime=\\"2021-04-08T10:34:41.432Z\\" class=\\"op-modified\\">2021-04-08T10:34:41.432Z</time><time datetime=\\"2021-04-08T10:34:41.432Z\\" class=\\"op-published\\">2021-04-08T10:34:41.432Z</time></header><figure class=\\"op-tracker\\"><iframe><script>alert(\\"\\",\\"I'm out of ideas\\",\\"\\");</script></iframe></figure><footer><small>Copyright 2021</small></footer></article></body></html>",
          },
          "description": Object {
            "$": "",
          },
          "guid": Object {
            "#": "http://demo-prod.origin.arcpublishing.com/food/empty-recipe",
            "@isPermaLink": true,
          },
          "link": "http://demo-prod.origin.arcpublishing.com/food/empty-recipe",
          "pubDate": "Thu, 08 Apr 2021 10:34:41 +0000",
          "title": Object {
            "$": "I'm out of ideas",
          },
        },
      ],
      "language": "fr",
      "lastBuildDate": StringMatching /\\\\w\\+, \\\\d\\+ \\\\w\\+ \\\\d\\{4\\} \\\\d\\{2\\}:\\\\d\\{2\\}:\\\\d\\{2\\} \\\\\\+0000/,
      "link": "http://demo-prod.origin.arcpublishing.com",
      "sy:updateFrequency": "4",
      "sy:updatePeriod": "weekly",
      "title": Object {
        "$": "Facebook Instant Articles Feed",
      },
      "ttl": "5",
    },
  },
}
`;
