// Jest Snapshot v1, https://goo.gl/fbAQLP

exports[`returns template with default values 1`] = `
Object {
  "urlset": Object {
    "@xmlns": "http://www.sitemaps.org/schemas/sitemap/0.9",
    "@xmlns:image": "http://www.google.com/schemas/sitemap-image/1.1",
    "@xmlns:news": "http://www.google.com/schemas/sitemap-news/0.9",
    "url": Array [
      Object {
        "changefreq": "always",
        "image:image": Object {
          "image:loc": null,
          "image:title": Object {
            "$": "Hand Washing",
          },
        },
        "lastmod": "2018-10-05T14:28:25.674Z",
        "loc": "http://demo-prod.origin.arcpublishing.com/food/2020/04/07/tips-for-safe-hand-washing",
        "news:news": Object {
          "news:keywords": Object {
            "$": "animal videos",
          },
          "news:publication": Object {
            "news:language": "en",
            "news:name": "google news",
          },
          "news:publication_date": "2018-10-05T14:28:25.674Z",
          "news:title": Object {
            "$": "Last Nightâ€™s Match: Tom Brady collects his 500th touchdown pass in the win",
          },
        },
        "priority": "0.5",
      },
    ],
  },
}
`;
